// Jest Snapshot v1, https://goo.gl/fbAQLP

exports[`render feed page as logged in user list  1`] = `null`;
